{"searchByArtist":[{"artist":"Tom Petty","similars":[]},{"artist":"Gloriana","similars":[]}],"searchByTitle":[{"title":"Ten Tonne","similars":[]}]}